// Jest Snapshot v1, https://goo.gl/fbAQLP

exports[`<ArticleFormContainer /> Should render and match the snapshot 1`] = `
<div
  class="Heading-ez7kt7-0 krJHDj"
>
  You must login in order to add article
</div>
`;
